C:\Users\DELL\Downloads\JFSD\cms\src\main\java\com\example\cms\entity\CMSUsers.java
C:\Users\DELL\Downloads\JFSD\cms\src\main\java\com\example\cms\contoller\CmsController.java
C:\Users\DELL\Downloads\JFSD\cms\src\main\java\com\example\cms\entity\CMSContact.java
C:\Users\DELL\Downloads\JFSD\cms\src\main\java\com\example\cms\service\CMSUsersService.java
C:\Users\DELL\Downloads\JFSD\cms\src\main\java\com\example\cms\service\ScheduledAppointmentsService.java
C:\Users\DELL\Downloads\JFSD\cms\src\main\java\com\example\cms\repository\CMSUsersRepository.java
C:\Users\DELL\Downloads\JFSD\cms\src\main\java\com\example\cms\CmsApplication.java
C:\Users\DELL\Downloads\JFSD\cms\src\main\java\com\example\cms\entity\MappingDetails.java
C:\Users\DELL\Downloads\JFSD\cms\src\main\java\com\example\cms\repository\ScheduledAppointmentsRepository.java
C:\Users\DELL\Downloads\JFSD\cms\src\main\java\com\example\cms\repository\MappinngDetailsRepository.java
C:\Users\DELL\Downloads\JFSD\cms\src\main\java\com\example\cms\service\CMSContactService.java
C:\Users\DELL\Downloads\JFSD\cms\src\main\java\com\example\cms\service\MappingDetailsService.java
C:\Users\DELL\Downloads\JFSD\cms\src\main\java\com\example\cms\repository\CMSContactRepository.java
C:\Users\DELL\Downloads\JFSD\cms\src\main\java\com\example\cms\entity\ScheduleAppointment.java
